exports[`deobfuscate example 1`] = `
"let total = 0;
for (let i = 0; i < 10; i++) {
  total += i;
}
console.log("Total: " + total);
"
`;

exports[`deobfuscate jsfuck-123 1`] = `
"console.log([1] + [2] + [3]);
"
`;

exports[`deobfuscate xor-string-encoding 1`] = `
"console.log("Hello World");
"
`;

exports[`deobfuscate string-fromcharcode 1`] = `
"("Hello World");
"
`;
